---
source: test-package-compiler/tests/compiler_tests.rs
expression: output
---
Token { kind: Identifier("Actor"), span: Span { start: 104, end: 109 }, leading_trivia: [LineComment("// Copyright 2026 James Casey"), Whitespace("\n"), LineComment("// SPDX-License-Identifier: Apache-2.0"), Whitespace("\n\n"), LineComment("// Test class definition parsing"), Whitespace("\n\n")], trailing_trivia: [Whitespace(" ")] }
Token { kind: Keyword("subclass:"), span: Span { start: 110, end: 119 }, leading_trivia: [], trailing_trivia: [Whitespace(" ")] }
Token { kind: Identifier("Counter"), span: Span { start: 120, end: 127 }, leading_trivia: [], trailing_trivia: [] }
Token { kind: Keyword("state:"), span: Span { start: 130, end: 136 }, leading_trivia: [Whitespace("\n  ")], trailing_trivia: [Whitespace(" ")] }
Token { kind: Identifier("value"), span: Span { start: 137, end: 142 }, leading_trivia: [], trailing_trivia: [Whitespace(" ")] }
Token { kind: BinarySelector("="), span: Span { start: 143, end: 144 }, leading_trivia: [], trailing_trivia: [Whitespace(" ")] }
Token { kind: Integer("0"), span: Span { start: 145, end: 146 }, leading_trivia: [], trailing_trivia: [] }
Token { kind: Identifier("increment"), span: Span { start: 150, end: 159 }, leading_trivia: [Whitespace("\n\n  ")], trailing_trivia: [Whitespace(" ")] }
Token { kind: FatArrow, span: Span { start: 160, end: 162 }, leading_trivia: [], trailing_trivia: [Whitespace(" ")] }
Token { kind: Identifier("self"), span: Span { start: 163, end: 167 }, leading_trivia: [], trailing_trivia: [] }
Token { kind: Period, span: Span { start: 167, end: 168 }, leading_trivia: [], trailing_trivia: [] }
Token { kind: Identifier("value"), span: Span { start: 168, end: 173 }, leading_trivia: [], trailing_trivia: [Whitespace(" ")] }
Token { kind: Assign, span: Span { start: 174, end: 176 }, leading_trivia: [], trailing_trivia: [Whitespace(" ")] }
Token { kind: Identifier("self"), span: Span { start: 177, end: 181 }, leading_trivia: [], trailing_trivia: [] }
Token { kind: Period, span: Span { start: 181, end: 182 }, leading_trivia: [], trailing_trivia: [] }
Token { kind: Identifier("value"), span: Span { start: 182, end: 187 }, leading_trivia: [], trailing_trivia: [Whitespace(" ")] }
Token { kind: BinarySelector("+"), span: Span { start: 188, end: 189 }, leading_trivia: [], trailing_trivia: [Whitespace(" ")] }
Token { kind: Integer("1"), span: Span { start: 190, end: 191 }, leading_trivia: [], trailing_trivia: [] }
Token { kind: Identifier("getValue"), span: Span { start: 194, end: 202 }, leading_trivia: [Whitespace("\n  ")], trailing_trivia: [Whitespace(" ")] }
Token { kind: FatArrow, span: Span { start: 203, end: 205 }, leading_trivia: [], trailing_trivia: [Whitespace(" ")] }
Token { kind: Caret, span: Span { start: 206, end: 207 }, leading_trivia: [], trailing_trivia: [] }
Token { kind: Identifier("self"), span: Span { start: 207, end: 211 }, leading_trivia: [], trailing_trivia: [] }
Token { kind: Period, span: Span { start: 211, end: 212 }, leading_trivia: [], trailing_trivia: [] }
Token { kind: Identifier("value"), span: Span { start: 212, end: 217 }, leading_trivia: [], trailing_trivia: [] }
Token { kind: Eof, span: Span { start: 218, end: 218 }, leading_trivia: [Whitespace("\n")], trailing_trivia: [] }
