---
source: test-package-compiler/tests/compiler_tests.rs
expression: output
---
AST:
Module {
    classes: [
        ClassDefinition {
            name: Identifier {
                name: "TestActor",
                span: Span {
                    start: 202,
                    end: 211,
                },
            },
            superclass: Some(
                Identifier {
                    name: "Actor",
                    span: Span {
                        start: 186,
                        end: 191,
                    },
                },
            ),
            class_kind: Actor,
            is_abstract: false,
            is_sealed: false,
            is_typed: false,
            supervisor_kind: None,
            state: [],
            methods: [
                MethodDefinition {
                    selector: Unary(
                        "doError",
                    ),
                    parameters: [],
                    body: [
                        ExpressionStatement {
                            comments: CommentAttachment {
                                leading: [],
                                trailing: None,
                            },
                            expression: MessageSend {
                                receiver: Identifier(
                                    Identifier {
                                        name: "self",
                                        span: Span {
                                            start: 226,
                                            end: 230,
                                        },
                                    },
                                ),
                                selector: Keyword(
                                    [
                                        KeywordPart {
                                            keyword: "error:",
                                            span: Span {
                                                start: 231,
                                                end: 237,
                                            },
                                        },
                                    ],
                                ),
                                arguments: [
                                    Literal(
                                        String(
                                            "This is a test error",
                                        ),
                                        Span {
                                            start: 238,
                                            end: 260,
                                        },
                                    ),
                                ],
                                is_cast: false,
                                span: Span {
                                    start: 226,
                                    end: 260,
                                },
                            },
                            preceding_blank_line: false,
                        },
                    ],
                    return_type: None,
                    is_sealed: false,
                    kind: Primary,
                    comments: CommentAttachment {
                        leading: [],
                        trailing: None,
                    },
                    doc_comment: None,
                    span: Span {
                        start: 215,
                        end: 260,
                    },
                },
                MethodDefinition {
                    selector: Unary(
                        "errorWithVariable",
                    ),
                    parameters: [],
                    body: [
                        ExpressionStatement {
                            comments: CommentAttachment {
                                leading: [],
                                trailing: None,
                            },
                            expression: Assignment {
                                target: Identifier(
                                    Identifier {
                                        name: "msg",
                                        span: Span {
                                            start: 289,
                                            end: 292,
                                        },
                                    },
                                ),
                                value: Literal(
                                    String(
                                        "Dynamic error message",
                                    ),
                                    Span {
                                        start: 296,
                                        end: 319,
                                    },
                                ),
                                span: Span {
                                    start: 289,
                                    end: 319,
                                },
                            },
                            preceding_blank_line: false,
                        },
                        ExpressionStatement {
                            comments: CommentAttachment {
                                leading: [],
                                trailing: None,
                            },
                            expression: MessageSend {
                                receiver: Identifier(
                                    Identifier {
                                        name: "self",
                                        span: Span {
                                            start: 324,
                                            end: 328,
                                        },
                                    },
                                ),
                                selector: Keyword(
                                    [
                                        KeywordPart {
                                            keyword: "error:",
                                            span: Span {
                                                start: 329,
                                                end: 335,
                                            },
                                        },
                                    ],
                                ),
                                arguments: [
                                    Identifier(
                                        Identifier {
                                            name: "msg",
                                            span: Span {
                                                start: 336,
                                                end: 339,
                                            },
                                        },
                                    ),
                                ],
                                is_cast: false,
                                span: Span {
                                    start: 324,
                                    end: 339,
                                },
                            },
                            preceding_blank_line: false,
                        },
                    ],
                    return_type: None,
                    is_sealed: false,
                    kind: Primary,
                    comments: CommentAttachment {
                        leading: [],
                        trailing: None,
                    },
                    doc_comment: None,
                    span: Span {
                        start: 264,
                        end: 339,
                    },
                },
            ],
            class_methods: [],
            class_variables: [],
            comments: CommentAttachment {
                leading: [
                    Comment {
                        content: "Copyright 2026 James Casey",
                        span: Span {
                            start: 186,
                            end: 191,
                        },
                        kind: Line,
                        preceding_blank_line: false,
                    },
                    Comment {
                        content: "SPDX-License-Identifier: Apache-2.0",
                        span: Span {
                            start: 186,
                            end: 191,
                        },
                        kind: Line,
                        preceding_blank_line: false,
                    },
                    Comment {
                        content: "Test error: message compilation",
                        span: Span {
                            start: 186,
                            end: 191,
                        },
                        kind: Line,
                        preceding_blank_line: true,
                    },
                    Comment {
                        content: "The error: message should compile to erlang:error({beamtalk_error, Message})",
                        span: Span {
                            start: 186,
                            end: 191,
                        },
                        kind: Line,
                        preceding_blank_line: false,
                    },
                ],
                trailing: None,
            },
            doc_comment: None,
            backing_module: None,
            type_params: [],
            span: Span {
                start: 186,
                end: 339,
            },
        },
    ],
    method_definitions: [],
    protocols: [],
    expressions: [],
    span: Span {
        start: 186,
        end: 339,
    },
    file_leading_comments: [],
    file_trailing_comments: [],
}
