---
source: test-package-compiler/tests/compiler_tests.rs
expression: output
---
AST:
Module {
    classes: [],
    method_definitions: [],
    expressions: [
        Assignment {
            target: Identifier(
                Identifier {
                    name: "letterA",
                    span: Span {
                        start: 180,
                        end: 187,
                    },
                },
            ),
            value: Literal(
                Character(
                    'A',
                ),
                Span {
                    start: 191,
                    end: 193,
                },
            ),
            span: Span {
                start: 180,
                end: 193,
            },
        },
        Assignment {
            target: Identifier(
                Identifier {
                    name: "letterZ",
                    span: Span {
                        start: 194,
                        end: 201,
                    },
                },
            ),
            value: Literal(
                Character(
                    'z',
                ),
                Span {
                    start: 205,
                    end: 207,
                },
            ),
            span: Span {
                start: 194,
                end: 207,
            },
        },
        Assignment {
            target: Identifier(
                Identifier {
                    name: "digit",
                    span: Span {
                        start: 208,
                        end: 213,
                    },
                },
            ),
            value: Literal(
                Character(
                    '0',
                ),
                Span {
                    start: 217,
                    end: 219,
                },
            ),
            span: Span {
                start: 208,
                end: 219,
            },
        },
        Assignment {
            target: Identifier(
                Identifier {
                    name: "isEqual",
                    span: Span {
                        start: 257,
                        end: 264,
                    },
                },
            ),
            value: Literal(
                Character(
                    'A',
                ),
                Span {
                    start: 268,
                    end: 270,
                },
            ),
            span: Span {
                start: 257,
                end: 270,
            },
        },
        Error {
            message: "Unexpected token: expected expression, found =",
            span: Span {
                start: 271,
                end: 272,
            },
        },
    ],
    span: Span {
        start: 180,
        end: 432,
    },
    leading_comments: [
        Comment {
            content: "// Copyright 2026 James Casey",
            span: Span {
                start: 180,
                end: 187,
            },
            kind: Line,
        },
        Comment {
            content: "// SPDX-License-Identifier: Apache-2.0",
            span: Span {
                start: 180,
                end: 187,
            },
            kind: Line,
        },
        Comment {
            content: "// Test character literal codegen - $a compiles to integer codepoint",
            span: Span {
                start: 180,
                end: 187,
            },
            kind: Line,
        },
        Comment {
            content: "// ===== Basic Character Literals =====",
            span: Span {
                start: 180,
                end: 187,
            },
            kind: Line,
        },
    ],
}

Diagnostics:
Diagnostic { severity: Error, message: "Unexpected token: expected expression, found =", span: Span { start: 271, end: 272 }, hint: None, category: None }
