---
source: test-package-compiler/tests/compiler_tests.rs
expression: output
---
AST:
Module {
    classes: [],
    method_definitions: [],
    expressions: [
        ExpressionStatement {
            comments: CommentAttachment {
                leading: [
                    Comment {
                        content: "Copyright 2026 James Casey",
                        span: Span {
                            start: 186,
                            end: 192,
                        },
                        kind: Line,
                        preceding_blank_line: false,
                    },
                    Comment {
                        content: "SPDX-License-Identifier: Apache-2.0",
                        span: Span {
                            start: 186,
                            end: 192,
                        },
                        kind: Line,
                        preceding_blank_line: false,
                    },
                    Comment {
                        content: "Test async keyword message send within a method",
                        span: Span {
                            start: 186,
                            end: 192,
                        },
                        kind: Line,
                        preceding_blank_line: true,
                    },
                    Comment {
                        content: "Uses a non-Dictionary selector to test async message protocol",
                        span: Span {
                            start: 186,
                            end: 192,
                        },
                        kind: Line,
                        preceding_blank_line: false,
                    },
                ],
                trailing: None,
            },
            expression: Assignment {
                target: Identifier(
                    Identifier {
                        name: "update",
                        span: Span {
                            start: 186,
                            end: 192,
                        },
                    },
                ),
                value: Block(
                    Block {
                        parameters: [],
                        body: [
                            ExpressionStatement {
                                comments: CommentAttachment {
                                    leading: [],
                                    trailing: None,
                                },
                                expression: Return {
                                    value: MessageSend {
                                        receiver: Identifier(
                                            Identifier {
                                                name: "object",
                                                span: Span {
                                                    start: 199,
                                                    end: 205,
                                                },
                                            },
                                        ),
                                        selector: Keyword(
                                            [
                                                KeywordPart {
                                                    keyword: "foo:",
                                                    span: Span {
                                                        start: 206,
                                                        end: 210,
                                                    },
                                                },
                                                KeywordPart {
                                                    keyword: "bar:",
                                                    span: Span {
                                                        start: 213,
                                                        end: 217,
                                                    },
                                                },
                                            ],
                                        ),
                                        arguments: [
                                            Literal(
                                                Integer(
                                                    1,
                                                ),
                                                Span {
                                                    start: 211,
                                                    end: 212,
                                                },
                                            ),
                                            Literal(
                                                String(
                                                    "hello",
                                                ),
                                                Span {
                                                    start: 218,
                                                    end: 225,
                                                },
                                            ),
                                        ],
                                        is_cast: false,
                                        span: Span {
                                            start: 199,
                                            end: 225,
                                        },
                                    },
                                    span: Span {
                                        start: 198,
                                        end: 225,
                                    },
                                },
                                preceding_blank_line: false,
                            },
                        ],
                        span: Span {
                            start: 196,
                            end: 227,
                        },
                    },
                ),
                span: Span {
                    start: 186,
                    end: 227,
                },
            },
            preceding_blank_line: false,
        },
    ],
    span: Span {
        start: 186,
        end: 227,
    },
    file_leading_comments: [],
    file_trailing_comments: [],
}
