---
source: test-package-compiler/tests/compiler_tests.rs
expression: output
---
AST:
Module {
    classes: [],
    method_definitions: [],
    expressions: [
        ExpressionStatement {
            comments: CommentAttachment {
                leading: [
                    Comment {
                        content: "Copyright 2026 James Casey",
                        span: Span {
                            start: 180,
                            end: 184,
                        },
                        kind: Line,
                        preceding_blank_line: false,
                    },
                    Comment {
                        content: "SPDX-License-Identifier: Apache-2.0",
                        span: Span {
                            start: 180,
                            end: 184,
                        },
                        kind: Line,
                        preceding_blank_line: false,
                    },
                    Comment {
                        content: "Test non-ASCII string literals encode correctly as UTF-8 bytes",
                        span: Span {
                            start: 180,
                            end: 184,
                        },
                        kind: Line,
                        preceding_blank_line: true,
                    },
                    Comment {
                        content: "===== Multi-byte UTF-8 Characters =====",
                        span: Span {
                            start: 180,
                            end: 184,
                        },
                        kind: Line,
                        preceding_blank_line: true,
                    },
                ],
                trailing: None,
            },
            expression: Assignment {
                target: Identifier(
                    Identifier {
                        name: "cafe",
                        span: Span {
                            start: 180,
                            end: 184,
                        },
                    },
                ),
                value: Literal(
                    String(
                        "café",
                    ),
                    Span {
                        start: 188,
                        end: 195,
                    },
                ),
                span: Span {
                    start: 180,
                    end: 195,
                },
            },
            preceding_blank_line: false,
        },
        ExpressionStatement {
            comments: CommentAttachment {
                leading: [],
                trailing: None,
            },
            expression: Assignment {
                target: Identifier(
                    Identifier {
                        name: "japanese",
                        span: Span {
                            start: 196,
                            end: 204,
                        },
                    },
                ),
                value: Literal(
                    String(
                        "日本語",
                    ),
                    Span {
                        start: 208,
                        end: 219,
                    },
                ),
                span: Span {
                    start: 196,
                    end: 219,
                },
            },
            preceding_blank_line: false,
        },
        ExpressionStatement {
            comments: CommentAttachment {
                leading: [],
                trailing: None,
            },
            expression: Assignment {
                target: Identifier(
                    Identifier {
                        name: "emoji",
                        span: Span {
                            start: 220,
                            end: 225,
                        },
                    },
                ),
                value: Literal(
                    String(
                        "🎉",
                    ),
                    Span {
                        start: 229,
                        end: 235,
                    },
                ),
                span: Span {
                    start: 220,
                    end: 235,
                },
            },
            preceding_blank_line: false,
        },
        ExpressionStatement {
            comments: CommentAttachment {
                leading: [
                    Comment {
                        content: "===== Mixed ASCII and Non-ASCII =====",
                        span: Span {
                            start: 278,
                            end: 283,
                        },
                        kind: Line,
                        preceding_blank_line: true,
                    },
                ],
                trailing: None,
            },
            expression: Assignment {
                target: Identifier(
                    Identifier {
                        name: "mixed",
                        span: Span {
                            start: 278,
                            end: 283,
                        },
                    },
                ),
                value: Literal(
                    String(
                        "Hello, 世界!",
                    ),
                    Span {
                        start: 287,
                        end: 303,
                    },
                ),
                span: Span {
                    start: 278,
                    end: 303,
                },
            },
            preceding_blank_line: true,
        },
    ],
    span: Span {
        start: 180,
        end: 303,
    },
    file_leading_comments: [],
    file_trailing_comments: [],
}
