---
source: test-package-compiler/tests/compiler_tests.rs
expression: output
---
Semantic errors (3):
  - Cannot override sealed method `frozen` from class `Parent`
  - Multiple classes in one file is not supported. Found classes: Parent, AllowedChild, Child. Each class should be in its own .bt file.
  - Multiple classes in one file is not supported. Found classes: Parent, AllowedChild, Child. Each class should be in its own .bt file.
