---
source: test-package-compiler/tests/compiler_tests.rs
expression: output
---
AST:
Module {
    classes: [],
    method_definitions: [],
    expressions: [
        ExpressionStatement {
            comments: CommentAttachment {
                leading: [
                    Comment {
                        content: "Copyright 2026 James Casey",
                        span: Span {
                            start: 171,
                            end: 177,
                        },
                        kind: Line,
                        preceding_blank_line: false,
                    },
                    Comment {
                        content: "SPDX-License-Identifier: Apache-2.0",
                        span: Span {
                            start: 171,
                            end: 177,
                        },
                        kind: Line,
                        preceding_blank_line: false,
                    },
                    Comment {
                        content: "Test blocks with no arguments",
                        span: Span {
                            start: 171,
                            end: 177,
                        },
                        kind: Line,
                        preceding_blank_line: true,
                    },
                    Comment {
                        content: "Empty parameter list is valid",
                        span: Span {
                            start: 171,
                            end: 177,
                        },
                        kind: Line,
                        preceding_blank_line: false,
                    },
                    Comment {
                        content: "Simple block with no arguments",
                        span: Span {
                            start: 171,
                            end: 177,
                        },
                        kind: Line,
                        preceding_blank_line: true,
                    },
                ],
                trailing: None,
            },
            expression: Assignment {
                target: Identifier(
                    Identifier {
                        name: "noArgs",
                        span: Span {
                            start: 171,
                            end: 177,
                        },
                    },
                ),
                value: Block(
                    Block {
                        parameters: [],
                        body: [
                            ExpressionStatement {
                                comments: CommentAttachment {
                                    leading: [],
                                    trailing: None,
                                },
                                expression: Literal(
                                    Integer(
                                        42,
                                    ),
                                    Span {
                                        start: 182,
                                        end: 184,
                                    },
                                ),
                                preceding_blank_line: false,
                            },
                        ],
                        span: Span {
                            start: 181,
                            end: 185,
                        },
                    },
                ),
                span: Span {
                    start: 171,
                    end: 185,
                },
            },
            preceding_blank_line: false,
        },
        ExpressionStatement {
            comments: CommentAttachment {
                leading: [],
                trailing: None,
            },
            expression: Assignment {
                target: Identifier(
                    Identifier {
                        name: "result1",
                        span: Span {
                            start: 186,
                            end: 193,
                        },
                    },
                ),
                value: MessageSend {
                    receiver: Identifier(
                        Identifier {
                            name: "noArgs",
                            span: Span {
                                start: 197,
                                end: 203,
                            },
                        },
                    ),
                    selector: Unary(
                        "value",
                    ),
                    arguments: [],
                    is_cast: false,
                    span: Span {
                        start: 197,
                        end: 209,
                    },
                },
                span: Span {
                    start: 186,
                    end: 209,
                },
            },
            preceding_blank_line: false,
        },
        ExpressionStatement {
            comments: CommentAttachment {
                leading: [
                    Comment {
                        content: "Block with no args that accesses outer scope",
                        span: Span {
                            start: 259,
                            end: 264,
                        },
                        kind: Line,
                        preceding_blank_line: true,
                    },
                ],
                trailing: None,
            },
            expression: Assignment {
                target: Identifier(
                    Identifier {
                        name: "outer",
                        span: Span {
                            start: 259,
                            end: 264,
                        },
                    },
                ),
                value: Literal(
                    Integer(
                        10,
                    ),
                    Span {
                        start: 268,
                        end: 270,
                    },
                ),
                span: Span {
                    start: 259,
                    end: 270,
                },
            },
            preceding_blank_line: true,
        },
        ExpressionStatement {
            comments: CommentAttachment {
                leading: [],
                trailing: None,
            },
            expression: Assignment {
                target: Identifier(
                    Identifier {
                        name: "captureBlock",
                        span: Span {
                            start: 271,
                            end: 283,
                        },
                    },
                ),
                value: Block(
                    Block {
                        parameters: [],
                        body: [
                            ExpressionStatement {
                                comments: CommentAttachment {
                                    leading: [],
                                    trailing: None,
                                },
                                expression: MessageSend {
                                    receiver: Identifier(
                                        Identifier {
                                            name: "outer",
                                            span: Span {
                                                start: 288,
                                                end: 293,
                                            },
                                        },
                                    ),
                                    selector: Binary(
                                        "+",
                                    ),
                                    arguments: [
                                        Literal(
                                            Integer(
                                                5,
                                            ),
                                            Span {
                                                start: 296,
                                                end: 297,
                                            },
                                        ),
                                    ],
                                    is_cast: false,
                                    span: Span {
                                        start: 288,
                                        end: 297,
                                    },
                                },
                                preceding_blank_line: false,
                            },
                        ],
                        span: Span {
                            start: 287,
                            end: 298,
                        },
                    },
                ),
                span: Span {
                    start: 271,
                    end: 298,
                },
            },
            preceding_blank_line: false,
        },
        ExpressionStatement {
            comments: CommentAttachment {
                leading: [],
                trailing: None,
            },
            expression: Assignment {
                target: Identifier(
                    Identifier {
                        name: "result2",
                        span: Span {
                            start: 299,
                            end: 306,
                        },
                    },
                ),
                value: MessageSend {
                    receiver: Identifier(
                        Identifier {
                            name: "captureBlock",
                            span: Span {
                                start: 310,
                                end: 322,
                            },
                        },
                    ),
                    selector: Unary(
                        "value",
                    ),
                    arguments: [],
                    is_cast: false,
                    span: Span {
                        start: 310,
                        end: 328,
                    },
                },
                span: Span {
                    start: 299,
                    end: 328,
                },
            },
            preceding_blank_line: false,
        },
        ExpressionStatement {
            comments: CommentAttachment {
                leading: [
                    Comment {
                        content: "Block with no args as control structure condition",
                        span: Span {
                            start: 383,
                            end: 392,
                        },
                        kind: Line,
                        preceding_blank_line: true,
                    },
                ],
                trailing: None,
            },
            expression: Assignment {
                target: Identifier(
                    Identifier {
                        name: "condition",
                        span: Span {
                            start: 383,
                            end: 392,
                        },
                    },
                ),
                value: Block(
                    Block {
                        parameters: [],
                        body: [
                            ExpressionStatement {
                                comments: CommentAttachment {
                                    leading: [],
                                    trailing: None,
                                },
                                expression: MessageSend {
                                    receiver: Identifier(
                                        Identifier {
                                            name: "counter",
                                            span: Span {
                                                start: 397,
                                                end: 404,
                                            },
                                        },
                                    ),
                                    selector: Binary(
                                        ">",
                                    ),
                                    arguments: [
                                        Literal(
                                            Integer(
                                                0,
                                            ),
                                            Span {
                                                start: 407,
                                                end: 408,
                                            },
                                        ),
                                    ],
                                    is_cast: false,
                                    span: Span {
                                        start: 397,
                                        end: 408,
                                    },
                                },
                                preceding_blank_line: false,
                            },
                        ],
                        span: Span {
                            start: 396,
                            end: 409,
                        },
                    },
                ),
                span: Span {
                    start: 383,
                    end: 409,
                },
            },
            preceding_blank_line: true,
        },
        ExpressionStatement {
            comments: CommentAttachment {
                leading: [],
                trailing: None,
            },
            expression: MessageSend {
                receiver: Identifier(
                    Identifier {
                        name: "condition",
                        span: Span {
                            start: 410,
                            end: 419,
                        },
                    },
                ),
                selector: Keyword(
                    [
                        KeywordPart {
                            keyword: "whileTrue:",
                            span: Span {
                                start: 420,
                                end: 430,
                            },
                        },
                    ],
                ),
                arguments: [
                    Block(
                        Block {
                            parameters: [],
                            body: [
                                ExpressionStatement {
                                    comments: CommentAttachment {
                                        leading: [],
                                        trailing: None,
                                    },
                                    expression: Assignment {
                                        target: Identifier(
                                            Identifier {
                                                name: "counter",
                                                span: Span {
                                                    start: 432,
                                                    end: 439,
                                                },
                                            },
                                        ),
                                        value: MessageSend {
                                            receiver: Identifier(
                                                Identifier {
                                                    name: "counter",
                                                    span: Span {
                                                        start: 443,
                                                        end: 450,
                                                    },
                                                },
                                            ),
                                            selector: Binary(
                                                "-",
                                            ),
                                            arguments: [
                                                Literal(
                                                    Integer(
                                                        1,
                                                    ),
                                                    Span {
                                                        start: 453,
                                                        end: 454,
                                                    },
                                                ),
                                            ],
                                            is_cast: false,
                                            span: Span {
                                                start: 443,
                                                end: 454,
                                            },
                                        },
                                        span: Span {
                                            start: 432,
                                            end: 454,
                                        },
                                    },
                                    preceding_blank_line: false,
                                },
                            ],
                            span: Span {
                                start: 431,
                                end: 455,
                            },
                        },
                    ),
                ],
                is_cast: false,
                span: Span {
                    start: 410,
                    end: 455,
                },
            },
            preceding_blank_line: false,
        },
        ExpressionStatement {
            comments: CommentAttachment {
                leading: [
                    Comment {
                        content: "Multiple blocks with no args",
                        span: Span {
                            start: 489,
                            end: 495,
                        },
                        kind: Line,
                        preceding_blank_line: true,
                    },
                ],
                trailing: None,
            },
            expression: Assignment {
                target: Identifier(
                    Identifier {
                        name: "block1",
                        span: Span {
                            start: 489,
                            end: 495,
                        },
                    },
                ),
                value: Block(
                    Block {
                        parameters: [],
                        body: [
                            ExpressionStatement {
                                comments: CommentAttachment {
                                    leading: [],
                                    trailing: None,
                                },
                                expression: Literal(
                                    Integer(
                                        1,
                                    ),
                                    Span {
                                        start: 500,
                                        end: 501,
                                    },
                                ),
                                preceding_blank_line: false,
                            },
                        ],
                        span: Span {
                            start: 499,
                            end: 502,
                        },
                    },
                ),
                span: Span {
                    start: 489,
                    end: 502,
                },
            },
            preceding_blank_line: true,
        },
        ExpressionStatement {
            comments: CommentAttachment {
                leading: [],
                trailing: None,
            },
            expression: Assignment {
                target: Identifier(
                    Identifier {
                        name: "block2",
                        span: Span {
                            start: 503,
                            end: 509,
                        },
                    },
                ),
                value: Block(
                    Block {
                        parameters: [],
                        body: [
                            ExpressionStatement {
                                comments: CommentAttachment {
                                    leading: [],
                                    trailing: None,
                                },
                                expression: Literal(
                                    Integer(
                                        2,
                                    ),
                                    Span {
                                        start: 514,
                                        end: 515,
                                    },
                                ),
                                preceding_blank_line: false,
                            },
                        ],
                        span: Span {
                            start: 513,
                            end: 516,
                        },
                    },
                ),
                span: Span {
                    start: 503,
                    end: 516,
                },
            },
            preceding_blank_line: false,
        },
        ExpressionStatement {
            comments: CommentAttachment {
                leading: [],
                trailing: None,
            },
            expression: Assignment {
                target: Identifier(
                    Identifier {
                        name: "block3",
                        span: Span {
                            start: 517,
                            end: 523,
                        },
                    },
                ),
                value: Block(
                    Block {
                        parameters: [],
                        body: [
                            ExpressionStatement {
                                comments: CommentAttachment {
                                    leading: [],
                                    trailing: None,
                                },
                                expression: Literal(
                                    Integer(
                                        3,
                                    ),
                                    Span {
                                        start: 528,
                                        end: 529,
                                    },
                                ),
                                preceding_blank_line: false,
                            },
                        ],
                        span: Span {
                            start: 527,
                            end: 530,
                        },
                    },
                ),
                span: Span {
                    start: 517,
                    end: 530,
                },
            },
            preceding_blank_line: false,
        },
    ],
    span: Span {
        start: 171,
        end: 530,
    },
    file_leading_comments: [],
    file_trailing_comments: [],
}
