---
source: test-package-compiler/tests/compiler_tests.rs
expression: output
---
AST:
Module {
    classes: [],
    method_definitions: [],
    expressions: [
        ExpressionStatement {
            comments: CommentAttachment {
                leading: [
                    Comment {
                        content: "Copyright 2026 James Casey",
                        span: Span {
                            start: 173,
                            end: 178,
                        },
                        kind: Line,
                        preceding_blank_line: false,
                    },
                    Comment {
                        content: "SPDX-License-Identifier: Apache-2.0",
                        span: Span {
                            start: 173,
                            end: 178,
                        },
                        kind: Line,
                        preceding_blank_line: false,
                    },
                    Comment {
                        content: "Test actor spawn compilation",
                        span: Span {
                            start: 173,
                            end: 178,
                        },
                        kind: Line,
                        preceding_blank_line: true,
                    },
                    Comment {
                        content: "The syntax \"Counter spawn\" should compile to gen_server:start_link",
                        span: Span {
                            start: 173,
                            end: 178,
                        },
                        kind: Line,
                        preceding_blank_line: false,
                    },
                ],
                trailing: None,
            },
            expression: Assignment {
                target: Identifier(
                    Identifier {
                        name: "value",
                        span: Span {
                            start: 173,
                            end: 178,
                        },
                    },
                ),
                value: Literal(
                    Integer(
                        0,
                    ),
                    Span {
                        start: 182,
                        end: 183,
                    },
                ),
                span: Span {
                    start: 173,
                    end: 183,
                },
            },
            preceding_blank_line: false,
        },
        ExpressionStatement {
            comments: CommentAttachment {
                leading: [],
                trailing: None,
            },
            expression: Assignment {
                target: Identifier(
                    Identifier {
                        name: "increment",
                        span: Span {
                            start: 185,
                            end: 194,
                        },
                    },
                ),
                value: Block(
                    Block {
                        parameters: [],
                        body: [
                            ExpressionStatement {
                                comments: CommentAttachment {
                                    leading: [],
                                    trailing: None,
                                },
                                expression: Assignment {
                                    target: FieldAccess {
                                        receiver: Identifier(
                                            Identifier {
                                                name: "self",
                                                span: Span {
                                                    start: 200,
                                                    end: 204,
                                                },
                                            },
                                        ),
                                        field: Identifier {
                                            name: "value",
                                            span: Span {
                                                start: 205,
                                                end: 210,
                                            },
                                        },
                                        span: Span {
                                            start: 200,
                                            end: 210,
                                        },
                                    },
                                    value: MessageSend {
                                        receiver: FieldAccess {
                                            receiver: Identifier(
                                                Identifier {
                                                    name: "self",
                                                    span: Span {
                                                        start: 214,
                                                        end: 218,
                                                    },
                                                },
                                            ),
                                            field: Identifier {
                                                name: "value",
                                                span: Span {
                                                    start: 219,
                                                    end: 224,
                                                },
                                            },
                                            span: Span {
                                                start: 214,
                                                end: 224,
                                            },
                                        },
                                        selector: Binary(
                                            "+",
                                        ),
                                        arguments: [
                                            Literal(
                                                Integer(
                                                    1,
                                                ),
                                                Span {
                                                    start: 227,
                                                    end: 228,
                                                },
                                            ),
                                        ],
                                        is_cast: false,
                                        span: Span {
                                            start: 214,
                                            end: 228,
                                        },
                                    },
                                    span: Span {
                                        start: 200,
                                        end: 228,
                                    },
                                },
                                preceding_blank_line: false,
                            },
                        ],
                        span: Span {
                            start: 198,
                            end: 230,
                        },
                    },
                ),
                span: Span {
                    start: 185,
                    end: 230,
                },
            },
            preceding_blank_line: false,
        },
        ExpressionStatement {
            comments: CommentAttachment {
                leading: [],
                trailing: None,
            },
            expression: Assignment {
                target: Identifier(
                    Identifier {
                        name: "counter",
                        span: Span {
                            start: 233,
                            end: 240,
                        },
                    },
                ),
                value: MessageSend {
                    receiver: ClassReference {
                        name: Identifier {
                            name: "Counter",
                            span: Span {
                                start: 244,
                                end: 251,
                            },
                        },
                        span: Span {
                            start: 244,
                            end: 251,
                        },
                    },
                    selector: Unary(
                        "spawn",
                    ),
                    arguments: [],
                    is_cast: false,
                    span: Span {
                        start: 244,
                        end: 257,
                    },
                },
                span: Span {
                    start: 233,
                    end: 257,
                },
            },
            preceding_blank_line: true,
        },
    ],
    span: Span {
        start: 173,
        end: 257,
    },
    file_leading_comments: [],
    file_trailing_comments: [],
}
